#-----------------------------------------------------------
# Vivado v2018.3 (64-bit)
# SW Build 2405991 on Thu Dec  6 23:38:27 MST 2018
# IP Build 2404404 on Fri Dec  7 01:43:56 MST 2018
# Start of session at: Mon Apr 15 21:57:51 2024
# Process ID: 1448
# Current directory: C:/Users/25210/Desktop/img_sim/img_sim/img_sim
# Command line: vivado.exe -gui_launcher_event rodinguilauncherevent1948 C:\Users\25210\Desktop\img_sim\img_sim\img_sim\img_sim.xpr
# Log file: C:/Users/25210/Desktop/img_sim/img_sim/img_sim/vivado.log
# Journal file: C:/Users/25210/Desktop/img_sim/img_sim/img_sim\vivado.jou
#-----------------------------------------------------------
start_gui
open_project C:/Users/25210/Desktop/img_sim/img_sim/img_sim/img_sim.xpr
update_compile_order -fileset sources_1
launch_simulation
open_wave_config C:/Users/25210/Desktop/img_sim/img_sim/img_sim/tb_top_behav.wcfg
source tb_top.tcl
current_wave_config {tb_top_behav.wcfg}
add_wave {{/tb_top/u_img_pro/ins_dilation/row1_data_r}} 
current_wave_config {tb_top_behav.wcfg}
add_wave {{/tb_top/u_img_pro/ins_dilation/row2_data_r}} 
relaunch_sim
run 18 ms
current_wave_config {tb_top_behav.wcfg}
add_wave {{/tb_top/u_img_pro/ins_dilation/in_data_1bit}} 
current_wave_config {tb_top_behav.wcfg}
add_wave {{/tb_top/u_img_pro/ins_dilation/out_data_1bit}} 
relaunch_sim
run 18 ms
